172.18.0.1 - - [21/Mar/2023:14:24:02 +0000] "GET / HTTP/1.1" 200 671 "-" "Mozilla/5.0 (X11; Ubuntu; Linux x86_64; rv:109.0) Gecko/20100101 Firefox/111.0" "-"
172.18.0.1 - - [21/Mar/2023:14:24:02 +0000] "GET /static/css/loader.css HTTP/1.1" 200 484 "http://localhost/" "Mozilla/5.0 (X11; Ubuntu; Linux x86_64; rv:109.0) Gecko/20100101 Firefox/111.0" "-"
172.18.0.1 - - [21/Mar/2023:14:24:02 +0000] "GET /static/css/vendor.d7eb5fa53e8000d7b3455700fc1c8303.css HTTP/1.1" 200 54093 "http://localhost/" "Mozilla/5.0 (X11; Ubuntu; Linux x86_64; rv:109.0) Gecko/20100101 Firefox/111.0" "-"
172.18.0.1 - - [21/Mar/2023:14:24:02 +0000] "GET /static/css/oj.1a28434668fc1763e43fbe78360d97e4.css HTTP/1.1" 200 52122 "http://localhost/" "Mozilla/5.0 (X11; Ubuntu; Linux x86_64; rv:109.0) Gecko/20100101 Firefox/111.0" "-"
172.18.0.1 - - [21/Mar/2023:14:24:02 +0000] "GET /static/js/vendor.dll.7d98bec.js HTTP/1.1" 200 96637 "http://localhost/" "Mozilla/5.0 (X11; Ubuntu; Linux x86_64; rv:109.0) Gecko/20100101 Firefox/111.0" "-"
172.18.0.1 - - [21/Mar/2023:14:24:02 +0000] "GET /static/js/manifest.31351240a507d0376953.js HTTP/1.1" 200 903 "http://localhost/" "Mozilla/5.0 (X11; Ubuntu; Linux x86_64; rv:109.0) Gecko/20100101 Firefox/111.0" "-"
172.18.0.1 - - [21/Mar/2023:14:24:02 +0000] "GET /static/js/vendor.c68548dcd5b5b4a7d84d.js HTTP/1.1" 200 150758 "http://localhost/" "Mozilla/5.0 (X11; Ubuntu; Linux x86_64; rv:109.0) Gecko/20100101 Firefox/111.0" "-"
172.18.0.1 - - [21/Mar/2023:14:24:02 +0000] "GET /static/js/oj.538b80c5d17227ef7fe2.js HTTP/1.1" 200 334418 "http://localhost/" "Mozilla/5.0 (X11; Ubuntu; Linux x86_64; rv:109.0) Gecko/20100101 Firefox/111.0" "-"
172.18.0.1 - - [21/Mar/2023:14:24:02 +0000] "GET /static/fonts/ionicons.24712f6.ttf HTTP/1.1" 200 188508 "http://localhost/static/css/oj.1a28434668fc1763e43fbe78360d97e4.css" "Mozilla/5.0 (X11; Ubuntu; Linux x86_64; rv:109.0) Gecko/20100101 Firefox/111.0" "-"
172.18.0.1 - - [21/Mar/2023:14:24:02 +0000] "GET /api/contests?offset=0&limit=5&status=1 HTTP/1.1" 200 84 "http://localhost/" "Mozilla/5.0 (X11; Ubuntu; Linux x86_64; rv:109.0) Gecko/20100101 Firefox/111.0" "-"
172.18.0.1 - - [21/Mar/2023:14:24:02 +0000] "GET /api/profile HTTP/1.1" 200 39 "http://localhost/" "Mozilla/5.0 (X11; Ubuntu; Linux x86_64; rv:109.0) Gecko/20100101 Firefox/111.0" "-"
172.18.0.1 - - [21/Mar/2023:14:24:02 +0000] "GET /api/announcement?offset=0&limit=10 HTTP/1.1" 200 84 "http://localhost/" "Mozilla/5.0 (X11; Ubuntu; Linux x86_64; rv:109.0) Gecko/20100101 Firefox/111.0" "-"
172.18.0.1 - - [21/Mar/2023:14:24:02 +0000] "GET /api/website HTTP/1.1" 200 291 "http://localhost/" "Mozilla/5.0 (X11; Ubuntu; Linux x86_64; rv:109.0) Gecko/20100101 Firefox/111.0" "-"
172.18.0.1 - - [21/Mar/2023:14:24:02 +0000] "GET /public/website/favicon.ico HTTP/1.1" 200 67646 "http://localhost/" "Mozilla/5.0 (X11; Ubuntu; Linux x86_64; rv:109.0) Gecko/20100101 Firefox/111.0" "-"
172.18.0.1 - - [21/Mar/2023:14:34:52 +0000] "GET /api/announcement?offset=0&limit=10 HTTP/1.1" 200 84 "http://127.0.0.1/" "Mozilla/5.0 (X11; Ubuntu; Linux x86_64; rv:109.0) Gecko/20100101 Firefox/111.0" "-"
172.18.0.1 - - [21/Mar/2023:14:34:52 +0000] "GET /api/profile HTTP/1.1" 200 39 "http://127.0.0.1/" "Mozilla/5.0 (X11; Ubuntu; Linux x86_64; rv:109.0) Gecko/20100101 Firefox/111.0" "-"
172.18.0.1 - - [21/Mar/2023:14:34:52 +0000] "GET /api/contests?offset=0&limit=5&status=1 HTTP/1.1" 200 84 "http://127.0.0.1/" "Mozilla/5.0 (X11; Ubuntu; Linux x86_64; rv:109.0) Gecko/20100101 Firefox/111.0" "-"
172.18.0.1 - - [21/Mar/2023:14:34:52 +0000] "GET /api/website HTTP/1.1" 200 291 "http://127.0.0.1/" "Mozilla/5.0 (X11; Ubuntu; Linux x86_64; rv:109.0) Gecko/20100101 Firefox/111.0" "-"
172.18.0.1 - - [21/Mar/2023:14:34:58 +0000] "POST /api/tfa_required HTTP/1.1" 200 66 "http://127.0.0.1/" "Mozilla/5.0 (X11; Ubuntu; Linux x86_64; rv:109.0) Gecko/20100101 Firefox/111.0" "-"
172.18.0.1 - - [21/Mar/2023:14:35:01 +0000] "POST /api/tfa_required HTTP/1.1" 200 66 "http://127.0.0.1/" "Mozilla/5.0 (X11; Ubuntu; Linux x86_64; rv:109.0) Gecko/20100101 Firefox/111.0" "-"
172.18.0.1 - - [21/Mar/2023:14:35:01 +0000] "POST /api/login HTTP/1.1" 200 59 "http://127.0.0.1/" "Mozilla/5.0 (X11; Ubuntu; Linux x86_64; rv:109.0) Gecko/20100101 Firefox/111.0" "-"
172.18.0.1 - - [21/Mar/2023:14:35:05 +0000] "POST /api/tfa_required HTTP/1.1" 200 66 "http://127.0.0.1/" "Mozilla/5.0 (X11; Ubuntu; Linux x86_64; rv:109.0) Gecko/20100101 Firefox/111.0" "-"
172.18.0.1 - - [21/Mar/2023:14:35:05 +0000] "POST /api/login HTTP/1.1" 200 59 "http://127.0.0.1/" "Mozilla/5.0 (X11; Ubuntu; Linux x86_64; rv:109.0) Gecko/20100101 Firefox/111.0" "-"
172.18.0.1 - - [21/Mar/2023:14:35:07 +0000] "POST /api/tfa_required HTTP/1.1" 200 66 "http://127.0.0.1/" "Mozilla/5.0 (X11; Ubuntu; Linux x86_64; rv:109.0) Gecko/20100101 Firefox/111.0" "-"
172.18.0.1 - - [21/Mar/2023:14:35:07 +0000] "POST /api/login HTTP/1.1" 200 59 "http://127.0.0.1/" "Mozilla/5.0 (X11; Ubuntu; Linux x86_64; rv:109.0) Gecko/20100101 Firefox/111.0" "-"
172.18.0.1 - - [21/Mar/2023:14:35:11 +0000] "POST /api/tfa_required HTTP/1.1" 200 66 "http://127.0.0.1/" "Mozilla/5.0 (X11; Ubuntu; Linux x86_64; rv:109.0) Gecko/20100101 Firefox/111.0" "-"
172.18.0.1 - - [21/Mar/2023:14:35:11 +0000] "POST /api/login HTTP/1.1" 200 59 "http://127.0.0.1/" "Mozilla/5.0 (X11; Ubuntu; Linux x86_64; rv:109.0) Gecko/20100101 Firefox/111.0" "-"
172.18.0.1 - - [21/Mar/2023:14:35:12 +0000] "POST /api/tfa_required HTTP/1.1" 200 66 "http://127.0.0.1/" "Mozilla/5.0 (X11; Ubuntu; Linux x86_64; rv:109.0) Gecko/20100101 Firefox/111.0" "-"
172.18.0.1 - - [21/Mar/2023:14:35:13 +0000] "POST /api/login HTTP/1.1" 200 59 "http://127.0.0.1/" "Mozilla/5.0 (X11; Ubuntu; Linux x86_64; rv:109.0) Gecko/20100101 Firefox/111.0" "-"
172.18.0.1 - - [21/Mar/2023:14:35:34 +0000] "GET / HTTP/1.1" 304 0 "-" "Mozilla/5.0 (X11; Ubuntu; Linux x86_64; rv:109.0) Gecko/20100101 Firefox/111.0" "-"
172.18.0.1 - - [21/Mar/2023:14:35:34 +0000] "GET /static/css/loader.css HTTP/1.1" 304 0 "http://localhost/" "Mozilla/5.0 (X11; Ubuntu; Linux x86_64; rv:109.0) Gecko/20100101 Firefox/111.0" "-"
172.18.0.1 - - [21/Mar/2023:14:35:34 +0000] "GET /static/css/oj.1a28434668fc1763e43fbe78360d97e4.css HTTP/1.1" 304 0 "http://localhost/" "Mozilla/5.0 (X11; Ubuntu; Linux x86_64; rv:109.0) Gecko/20100101 Firefox/111.0" "-"
172.18.0.1 - - [21/Mar/2023:14:35:34 +0000] "GET /static/css/vendor.d7eb5fa53e8000d7b3455700fc1c8303.css HTTP/1.1" 304 0 "http://localhost/" "Mozilla/5.0 (X11; Ubuntu; Linux x86_64; rv:109.0) Gecko/20100101 Firefox/111.0" "-"
172.18.0.1 - - [21/Mar/2023:14:35:34 +0000] "GET /static/js/vendor.c68548dcd5b5b4a7d84d.js HTTP/1.1" 304 0 "http://localhost/" "Mozilla/5.0 (X11; Ubuntu; Linux x86_64; rv:109.0) Gecko/20100101 Firefox/111.0" "-"
172.18.0.1 - - [21/Mar/2023:14:35:34 +0000] "GET /static/js/manifest.31351240a507d0376953.js HTTP/1.1" 304 0 "http://localhost/" "Mozilla/5.0 (X11; Ubuntu; Linux x86_64; rv:109.0) Gecko/20100101 Firefox/111.0" "-"
172.18.0.1 - - [21/Mar/2023:14:35:34 +0000] "GET /static/js/vendor.dll.7d98bec.js HTTP/1.1" 304 0 "http://localhost/" "Mozilla/5.0 (X11; Ubuntu; Linux x86_64; rv:109.0) Gecko/20100101 Firefox/111.0" "-"
172.18.0.1 - - [21/Mar/2023:14:35:34 +0000] "GET /static/js/oj.538b80c5d17227ef7fe2.js HTTP/1.1" 304 0 "http://localhost/" "Mozilla/5.0 (X11; Ubuntu; Linux x86_64; rv:109.0) Gecko/20100101 Firefox/111.0" "-"
172.18.0.1 - - [21/Mar/2023:14:35:35 +0000] "GET /static/fonts/ionicons.24712f6.ttf HTTP/1.1" 200 188508 "http://localhost/static/css/oj.1a28434668fc1763e43fbe78360d97e4.css" "Mozilla/5.0 (X11; Ubuntu; Linux x86_64; rv:109.0) Gecko/20100101 Firefox/111.0" "-"
172.18.0.1 - - [21/Mar/2023:14:35:35 +0000] "GET /api/profile HTTP/1.1" 200 39 "http://localhost/" "Mozilla/5.0 (X11; Ubuntu; Linux x86_64; rv:109.0) Gecko/20100101 Firefox/111.0" "-"
172.18.0.1 - - [21/Mar/2023:14:35:35 +0000] "GET /api/announcement?offset=0&limit=10 HTTP/1.1" 200 84 "http://localhost/" "Mozilla/5.0 (X11; Ubuntu; Linux x86_64; rv:109.0) Gecko/20100101 Firefox/111.0" "-"
172.18.0.1 - - [21/Mar/2023:14:35:35 +0000] "GET /api/website HTTP/1.1" 200 291 "http://localhost/" "Mozilla/5.0 (X11; Ubuntu; Linux x86_64; rv:109.0) Gecko/20100101 Firefox/111.0" "-"
172.18.0.1 - - [21/Mar/2023:14:35:35 +0000] "GET /api/contests?offset=0&limit=5&status=1 HTTP/1.1" 200 84 "http://localhost/" "Mozilla/5.0 (X11; Ubuntu; Linux x86_64; rv:109.0) Gecko/20100101 Firefox/111.0" "-"
172.18.0.1 - - [21/Mar/2023:14:35:38 +0000] "POST /api/tfa_required HTTP/1.1" 200 66 "http://localhost/" "Mozilla/5.0 (X11; Ubuntu; Linux x86_64; rv:109.0) Gecko/20100101 Firefox/111.0" "-"
172.18.0.1 - - [21/Mar/2023:14:35:41 +0000] "POST /api/tfa_required HTTP/1.1" 200 66 "http://localhost/" "Mozilla/5.0 (X11; Ubuntu; Linux x86_64; rv:109.0) Gecko/20100101 Firefox/111.0" "-"
172.18.0.1 - - [21/Mar/2023:14:35:41 +0000] "POST /api/login HTTP/1.1" 200 59 "http://localhost/" "Mozilla/5.0 (X11; Ubuntu; Linux x86_64; rv:109.0) Gecko/20100101 Firefox/111.0" "-"
172.18.0.4 - - [21/Mar/2023:14:45:59 +0000] "POST /api/judge_server_heartbeat/ HTTP/1.1" 200 53 "-" "python-requests/2.26.0" "-"
172.18.0.4 - - [21/Mar/2023:14:46:04 +0000] "POST /api/judge_server_heartbeat/ HTTP/1.1" 200 53 "-" "python-requests/2.26.0" "-"
172.18.0.4 - - [21/Mar/2023:14:46:10 +0000] "POST /api/judge_server_heartbeat/ HTTP/1.1" 200 53 "-" "python-requests/2.26.0" "-"
172.18.0.4 - - [21/Mar/2023:14:46:15 +0000] "POST /api/judge_server_heartbeat/ HTTP/1.1" 200 53 "-" "python-requests/2.26.0" "-"
172.18.0.4 - - [21/Mar/2023:14:46:20 +0000] "POST /api/judge_server_heartbeat/ HTTP/1.1" 200 53 "-" "python-requests/2.26.0" "-"
172.18.0.4 - - [21/Mar/2023:14:46:25 +0000] "POST /api/judge_server_heartbeat/ HTTP/1.1" 200 53 "-" "python-requests/2.26.0" "-"
172.18.0.4 - - [21/Mar/2023:14:46:30 +0000] "POST /api/judge_server_heartbeat/ HTTP/1.1" 200 53 "-" "python-requests/2.26.0" "-"
172.18.0.1 - - [21/Mar/2023:14:46:34 +0000] "GET / HTTP/1.1" 200 671 "-" "Mozilla/5.0 (X11; Ubuntu; Linux x86_64; rv:109.0) Gecko/20100101 Firefox/111.0" "-"
172.18.0.1 - - [21/Mar/2023:14:46:34 +0000] "GET /static/css/loader.css HTTP/1.1" 200 484 "http://localhost/" "Mozilla/5.0 (X11; Ubuntu; Linux x86_64; rv:109.0) Gecko/20100101 Firefox/111.0" "-"
172.18.0.1 - - [21/Mar/2023:14:46:34 +0000] "GET /static/css/vendor.d7eb5fa53e8000d7b3455700fc1c8303.css HTTP/1.1" 200 54093 "http://localhost/" "Mozilla/5.0 (X11; Ubuntu; Linux x86_64; rv:109.0) Gecko/20100101 Firefox/111.0" "-"
172.18.0.1 - - [21/Mar/2023:14:46:34 +0000] "GET /static/js/manifest.31351240a507d0376953.js HTTP/1.1" 200 903 "http://localhost/" "Mozilla/5.0 (X11; Ubuntu; Linux x86_64; rv:109.0) Gecko/20100101 Firefox/111.0" "-"
172.18.0.1 - - [21/Mar/2023:14:46:34 +0000] "GET /static/css/oj.1a28434668fc1763e43fbe78360d97e4.css HTTP/1.1" 200 52122 "http://localhost/" "Mozilla/5.0 (X11; Ubuntu; Linux x86_64; rv:109.0) Gecko/20100101 Firefox/111.0" "-"
172.18.0.1 - - [21/Mar/2023:14:46:34 +0000] "GET /static/js/vendor.dll.7d98bec.js HTTP/1.1" 200 96637 "http://localhost/" "Mozilla/5.0 (X11; Ubuntu; Linux x86_64; rv:109.0) Gecko/20100101 Firefox/111.0" "-"
172.18.0.1 - - [21/Mar/2023:14:46:35 +0000] "GET /static/js/vendor.c68548dcd5b5b4a7d84d.js HTTP/1.1" 200 150758 "http://localhost/" "Mozilla/5.0 (X11; Ubuntu; Linux x86_64; rv:109.0) Gecko/20100101 Firefox/111.0" "-"
172.18.0.1 - - [21/Mar/2023:14:46:34 +0000] "GET /static/js/oj.538b80c5d17227ef7fe2.js HTTP/1.1" 200 334418 "http://localhost/" "Mozilla/5.0 (X11; Ubuntu; Linux x86_64; rv:109.0) Gecko/20100101 Firefox/111.0" "-"
172.18.0.1 - - [21/Mar/2023:14:46:35 +0000] "GET /api/profile HTTP/1.1" 200 39 "http://localhost/" "Mozilla/5.0 (X11; Ubuntu; Linux x86_64; rv:109.0) Gecko/20100101 Firefox/111.0" "-"
172.18.0.1 - - [21/Mar/2023:14:46:35 +0000] "GET /api/announcement?offset=0&limit=10 HTTP/1.1" 200 84 "http://localhost/" "Mozilla/5.0 (X11; Ubuntu; Linux x86_64; rv:109.0) Gecko/20100101 Firefox/111.0" "-"
172.18.0.1 - - [21/Mar/2023:14:46:35 +0000] "GET /api/contests?offset=0&limit=5&status=1 HTTP/1.1" 200 84 "http://localhost/" "Mozilla/5.0 (X11; Ubuntu; Linux x86_64; rv:109.0) Gecko/20100101 Firefox/111.0" "-"
172.18.0.1 - - [21/Mar/2023:14:46:35 +0000] "GET /api/website HTTP/1.1" 200 291 "http://localhost/" "Mozilla/5.0 (X11; Ubuntu; Linux x86_64; rv:109.0) Gecko/20100101 Firefox/111.0" "-"
172.18.0.4 - - [21/Mar/2023:14:46:36 +0000] "POST /api/judge_server_heartbeat/ HTTP/1.1" 200 53 "-" "python-requests/2.26.0" "-"
172.18.0.1 - - [21/Mar/2023:14:46:39 +0000] "POST /api/tfa_required HTTP/1.1" 200 66 "http://localhost/" "Mozilla/5.0 (X11; Ubuntu; Linux x86_64; rv:109.0) Gecko/20100101 Firefox/111.0" "-"
172.18.0.4 - - [21/Mar/2023:14:46:41 +0000] "POST /api/judge_server_heartbeat/ HTTP/1.1" 200 53 "-" "python-requests/2.26.0" "-"
172.18.0.1 - - [21/Mar/2023:14:46:41 +0000] "POST /api/tfa_required HTTP/1.1" 200 66 "http://localhost/" "Mozilla/5.0 (X11; Ubuntu; Linux x86_64; rv:109.0) Gecko/20100101 Firefox/111.0" "-"
172.18.0.1 - - [21/Mar/2023:14:46:42 +0000] "POST /api/login HTTP/1.1" 200 46 "http://localhost/" "Mozilla/5.0 (X11; Ubuntu; Linux x86_64; rv:109.0) Gecko/20100101 Firefox/111.0" "-"
172.18.0.1 - - [21/Mar/2023:14:46:42 +0000] "GET /api/profile HTTP/1.1" 200 839 "http://localhost/" "Mozilla/5.0 (X11; Ubuntu; Linux x86_64; rv:109.0) Gecko/20100101 Firefox/111.0" "-"
172.18.0.1 - - [21/Mar/2023:14:46:45 +0000] "GET /admin/ HTTP/1.1" 200 463 "http://localhost/" "Mozilla/5.0 (X11; Ubuntu; Linux x86_64; rv:109.0) Gecko/20100101 Firefox/111.0" "-"
172.18.0.1 - - [21/Mar/2023:14:46:45 +0000] "GET /static/css/vendor.d7eb5fa53e8000d7b3455700fc1c8303.css HTTP/1.1" 304 0 "http://localhost/admin/" "Mozilla/5.0 (X11; Ubuntu; Linux x86_64; rv:109.0) Gecko/20100101 Firefox/111.0" "-"
172.18.0.1 - - [21/Mar/2023:14:46:45 +0000] "GET /static/js/vendor.dll.7d98bec.js HTTP/1.1" 304 0 "http://localhost/admin/" "Mozilla/5.0 (X11; Ubuntu; Linux x86_64; rv:109.0) Gecko/20100101 Firefox/111.0" "-"
172.18.0.1 - - [21/Mar/2023:14:46:45 +0000] "GET /static/js/manifest.31351240a507d0376953.js HTTP/1.1" 304 0 "http://localhost/admin/" "Mozilla/5.0 (X11; Ubuntu; Linux x86_64; rv:109.0) Gecko/20100101 Firefox/111.0" "-"
172.18.0.1 - - [21/Mar/2023:14:46:45 +0000] "GET /static/js/vendor.c68548dcd5b5b4a7d84d.js HTTP/1.1" 304 0 "http://localhost/admin/" "Mozilla/5.0 (X11; Ubuntu; Linux x86_64; rv:109.0) Gecko/20100101 Firefox/111.0" "-"
172.18.0.1 - - [21/Mar/2023:14:46:45 +0000] "GET /static/css/admin.7b5b166a91e4abfaff5094a0015ba4bd.css HTTP/1.1" 200 70680 "http://localhost/admin/" "Mozilla/5.0 (X11; Ubuntu; Linux x86_64; rv:109.0) Gecko/20100101 Firefox/111.0" "-"
172.18.0.1 - - [21/Mar/2023:14:46:45 +0000] "GET /static/js/admin.d2848f19d8cdc662cfef.js HTTP/1.1" 200 448706 "http://localhost/admin/" "Mozilla/5.0 (X11; Ubuntu; Linux x86_64; rv:109.0) Gecko/20100101 Firefox/111.0" "-"
172.18.0.1 - - [21/Mar/2023:14:46:46 +0000] "GET /api/profile HTTP/1.1" 200 839 "http://localhost/admin/" "Mozilla/5.0 (X11; Ubuntu; Linux x86_64; rv:109.0) Gecko/20100101 Firefox/111.0" "-"
172.18.0.1 - - [21/Mar/2023:14:46:46 +0000] "GET /api/admin/dashboard_info HTTP/1.1" 200 267 "http://localhost/admin/" "Mozilla/5.0 (X11; Ubuntu; Linux x86_64; rv:109.0) Gecko/20100101 Firefox/111.0" "-"
172.18.0.1 - - [21/Mar/2023:14:46:46 +0000] "GET /api/sessions HTTP/1.1" 200 361 "http://localhost/admin/" "Mozilla/5.0 (X11; Ubuntu; Linux x86_64; rv:109.0) Gecko/20100101 Firefox/111.0" "-"
172.18.0.1 - - [21/Mar/2023:14:46:46 +0000] "GET /public/avatar/default.png HTTP/1.1" 200 16219 "http://localhost/admin/" "Mozilla/5.0 (X11; Ubuntu; Linux x86_64; rv:109.0) Gecko/20100101 Firefox/111.0" "-"
172.18.0.1 - - [21/Mar/2023:14:46:46 +0000] "GET /static/fonts/fontawesome-webfont.af7ae50.woff2 HTTP/1.1" 200 77160 "http://localhost/static/css/admin.7b5b166a91e4abfaff5094a0015ba4bd.css" "Mozilla/5.0 (X11; Ubuntu; Linux x86_64; rv:109.0) Gecko/20100101 Firefox/111.0" "-"
172.18.0.4 - - [21/Mar/2023:14:46:46 +0000] "POST /api/judge_server_heartbeat/ HTTP/1.1" 200 53 "-" "python-requests/2.26.0" "-"
172.18.0.1 - - [21/Mar/2023:14:46:49 +0000] "GET /api/admin/versions HTTP/1.1" 200 39 "http://localhost/admin/" "Mozilla/5.0 (X11; Ubuntu; Linux x86_64; rv:109.0) Gecko/20100101 Firefox/111.0" "-"
172.18.0.4 - - [21/Mar/2023:14:46:52 +0000] "POST /api/judge_server_heartbeat/ HTTP/1.1" 200 53 "-" "python-requests/2.26.0" "-"
172.18.0.1 - - [21/Mar/2023:14:46:52 +0000] "GET /admin/ HTTP/1.1" 304 0 "http://localhost/" "Mozilla/5.0 (X11; Ubuntu; Linux x86_64; rv:109.0) Gecko/20100101 Firefox/111.0" "-"
172.18.0.1 - - [21/Mar/2023:14:46:52 +0000] "GET /static/css/vendor.d7eb5fa53e8000d7b3455700fc1c8303.css HTTP/1.1" 304 0 "http://localhost/admin/" "Mozilla/5.0 (X11; Ubuntu; Linux x86_64; rv:109.0) Gecko/20100101 Firefox/111.0" "-"
172.18.0.1 - - [21/Mar/2023:14:46:52 +0000] "GET /static/css/admin.7b5b166a91e4abfaff5094a0015ba4bd.css HTTP/1.1" 304 0 "http://localhost/admin/" "Mozilla/5.0 (X11; Ubuntu; Linux x86_64; rv:109.0) Gecko/20100101 Firefox/111.0" "-"
172.18.0.1 - - [21/Mar/2023:14:46:52 +0000] "GET /static/js/vendor.dll.7d98bec.js HTTP/1.1" 304 0 "http://localhost/admin/" "Mozilla/5.0 (X11; Ubuntu; Linux x86_64; rv:109.0) Gecko/20100101 Firefox/111.0" "-"
172.18.0.1 - - [21/Mar/2023:14:46:52 +0000] "GET /static/js/manifest.31351240a507d0376953.js HTTP/1.1" 304 0 "http://localhost/admin/" "Mozilla/5.0 (X11; Ubuntu; Linux x86_64; rv:109.0) Gecko/20100101 Firefox/111.0" "-"
172.18.0.1 - - [21/Mar/2023:14:46:52 +0000] "GET /static/js/vendor.c68548dcd5b5b4a7d84d.js HTTP/1.1" 304 0 "http://localhost/admin/" "Mozilla/5.0 (X11; Ubuntu; Linux x86_64; rv:109.0) Gecko/20100101 Firefox/111.0" "-"
172.18.0.1 - - [21/Mar/2023:14:46:52 +0000] "GET /static/js/admin.d2848f19d8cdc662cfef.js HTTP/1.1" 304 0 "http://localhost/admin/" "Mozilla/5.0 (X11; Ubuntu; Linux x86_64; rv:109.0) Gecko/20100101 Firefox/111.0" "-"
172.18.0.1 - - [21/Mar/2023:14:46:53 +0000] "GET /api/profile HTTP/1.1" 200 839 "http://localhost/admin/" "Mozilla/5.0 (X11; Ubuntu; Linux x86_64; rv:109.0) Gecko/20100101 Firefox/111.0" "-"
172.18.0.1 - - [21/Mar/2023:14:46:53 +0000] "GET /api/admin/dashboard_info HTTP/1.1" 200 267 "http://localhost/admin/" "Mozilla/5.0 (X11; Ubuntu; Linux x86_64; rv:109.0) Gecko/20100101 Firefox/111.0" "-"
172.18.0.1 - - [21/Mar/2023:14:46:53 +0000] "GET /api/sessions HTTP/1.1" 200 361 "http://localhost/admin/" "Mozilla/5.0 (X11; Ubuntu; Linux x86_64; rv:109.0) Gecko/20100101 Firefox/111.0" "-"
172.18.0.4 - - [21/Mar/2023:14:46:57 +0000] "POST /api/judge_server_heartbeat/ HTTP/1.1" 200 53 "-" "python-requests/2.26.0" "-"
172.18.0.1 - - [21/Mar/2023:14:46:57 +0000] "GET /api/languages HTTP/1.1" 200 15095 "http://localhost/admin/problem/create" "Mozilla/5.0 (X11; Ubuntu; Linux x86_64; rv:109.0) Gecko/20100101 Firefox/111.0" "-"
172.18.0.1 - - [21/Mar/2023:14:46:59 +0000] "GET /api/admin/versions HTTP/1.1" 200 39 "http://localhost/admin/" "Mozilla/5.0 (X11; Ubuntu; Linux x86_64; rv:109.0) Gecko/20100101 Firefox/111.0" "-"
172.18.0.4 - - [21/Mar/2023:14:47:02 +0000] "POST /api/judge_server_heartbeat/ HTTP/1.1" 200 53 "-" "python-requests/2.26.0" "-"
172.18.0.4 - - [21/Mar/2023:14:47:07 +0000] "POST /api/judge_server_heartbeat/ HTTP/1.1" 200 53 "-" "python-requests/2.26.0" "-"
172.18.0.4 - - [21/Mar/2023:14:47:13 +0000] "POST /api/judge_server_heartbeat/ HTTP/1.1" 200 53 "-" "python-requests/2.26.0" "-"
172.18.0.4 - - [21/Mar/2023:14:47:18 +0000] "POST /api/judge_server_heartbeat/ HTTP/1.1" 200 53 "-" "python-requests/2.26.0" "-"
172.18.0.4 - - [21/Mar/2023:14:47:23 +0000] "POST /api/judge_server_heartbeat/ HTTP/1.1" 200 53 "-" "python-requests/2.26.0" "-"
172.18.0.4 - - [21/Mar/2023:14:47:28 +0000] "POST /api/judge_server_heartbeat/ HTTP/1.1" 200 53 "-" "python-requests/2.26.0" "-"
172.18.0.4 - - [21/Mar/2023:14:47:33 +0000] "POST /api/judge_server_heartbeat/ HTTP/1.1" 200 53 "-" "python-requests/2.26.0" "-"
172.18.0.4 - - [21/Mar/2023:14:47:39 +0000] "POST /api/judge_server_heartbeat/ HTTP/1.1" 200 53 "-" "python-requests/2.26.0" "-"
172.18.0.4 - - [21/Mar/2023:14:47:44 +0000] "POST /api/judge_server_heartbeat/ HTTP/1.1" 200 53 "-" "python-requests/2.26.0" "-"
172.18.0.4 - - [21/Mar/2023:14:47:49 +0000] "POST /api/judge_server_heartbeat/ HTTP/1.1" 200 53 "-" "python-requests/2.26.0" "-"
172.18.0.4 - - [21/Mar/2023:14:47:54 +0000] "POST /api/judge_server_heartbeat/ HTTP/1.1" 200 53 "-" "python-requests/2.26.0" "-"
172.18.0.4 - - [21/Mar/2023:14:47:59 +0000] "POST /api/judge_server_heartbeat/ HTTP/1.1" 200 53 "-" "python-requests/2.26.0" "-"
172.18.0.4 - - [21/Mar/2023:14:48:05 +0000] "POST /api/judge_server_heartbeat/ HTTP/1.1" 200 53 "-" "python-requests/2.26.0" "-"
172.18.0.4 - - [21/Mar/2023:14:48:10 +0000] "POST /api/judge_server_heartbeat/ HTTP/1.1" 200 53 "-" "python-requests/2.26.0" "-"
172.18.0.4 - - [21/Mar/2023:14:48:15 +0000] "POST /api/judge_server_heartbeat/ HTTP/1.1" 200 53 "-" "python-requests/2.26.0" "-"
172.18.0.1 - - [21/Mar/2023:14:48:19 +0000] "GET /api/problem/tags?keyword=%E6%A8%A1%E6%8B%9F HTTP/1.1" 200 37 "http://localhost/admin/problem/create" "Mozilla/5.0 (X11; Ubuntu; Linux x86_64; rv:109.0) Gecko/20100101 Firefox/111.0" "-"
172.18.0.4 - - [21/Mar/2023:14:48:20 +0000] "POST /api/judge_server_heartbeat/ HTTP/1.1" 200 53 "-" "python-requests/2.26.0" "-"
172.18.0.4 - - [21/Mar/2023:14:48:25 +0000] "POST /api/judge_server_heartbeat/ HTTP/1.1" 200 53 "-" "python-requests/2.26.0" "-"
172.18.0.4 - - [21/Mar/2023:14:48:31 +0000] "POST /api/judge_server_heartbeat/ HTTP/1.1" 200 53 "-" "python-requests/2.26.0" "-"
172.18.0.4 - - [21/Mar/2023:14:48:36 +0000] "POST /api/judge_server_heartbeat/ HTTP/1.1" 200 53 "-" "python-requests/2.26.0" "-"
172.18.0.1 - - [21/Mar/2023:14:48:36 +0000] "POST /api/admin/test_case HTTP/1.1" 200 637 "http://localhost/admin/problem/create" "Mozilla/5.0 (X11; Ubuntu; Linux x86_64; rv:109.0) Gecko/20100101 Firefox/111.0" "-"
172.18.0.1 - - [21/Mar/2023:14:48:39 +0000] "POST /api/admin/problem HTTP/1.1" 200 2098 "http://localhost/admin/problem/create" "Mozilla/5.0 (X11; Ubuntu; Linux x86_64; rv:109.0) Gecko/20100101 Firefox/111.0" "-"
172.18.0.1 - - [21/Mar/2023:14:48:39 +0000] "GET /api/admin/problem?limit=10&offset=0 HTTP/1.1" 200 2733 "http://localhost/admin/problems" "Mozilla/5.0 (X11; Ubuntu; Linux x86_64; rv:109.0) Gecko/20100101 Firefox/111.0" "-"
172.18.0.1 - - [21/Mar/2023:14:48:41 +0000] "GET /admin/problems HTTP/1.1" 200 463 "-" "Mozilla/5.0 (X11; Ubuntu; Linux x86_64; rv:109.0) Gecko/20100101 Firefox/111.0" "-"
172.18.0.1 - - [21/Mar/2023:14:48:41 +0000] "GET /static/css/vendor.d7eb5fa53e8000d7b3455700fc1c8303.css HTTP/1.1" 304 0 "http://localhost/admin/problems" "Mozilla/5.0 (X11; Ubuntu; Linux x86_64; rv:109.0) Gecko/20100101 Firefox/111.0" "-"
172.18.0.1 - - [21/Mar/2023:14:48:41 +0000] "GET /static/css/admin.7b5b166a91e4abfaff5094a0015ba4bd.css HTTP/1.1" 304 0 "http://localhost/admin/problems" "Mozilla/5.0 (X11; Ubuntu; Linux x86_64; rv:109.0) Gecko/20100101 Firefox/111.0" "-"
172.18.0.1 - - [21/Mar/2023:14:48:41 +0000] "GET /static/js/vendor.dll.7d98bec.js HTTP/1.1" 304 0 "http://localhost/admin/problems" "Mozilla/5.0 (X11; Ubuntu; Linux x86_64; rv:109.0) Gecko/20100101 Firefox/111.0" "-"
172.18.0.1 - - [21/Mar/2023:14:48:41 +0000] "GET /static/js/manifest.31351240a507d0376953.js HTTP/1.1" 304 0 "http://localhost/admin/problems" "Mozilla/5.0 (X11; Ubuntu; Linux x86_64; rv:109.0) Gecko/20100101 Firefox/111.0" "-"
172.18.0.1 - - [21/Mar/2023:14:48:41 +0000] "GET /static/js/vendor.c68548dcd5b5b4a7d84d.js HTTP/1.1" 304 0 "http://localhost/admin/problems" "Mozilla/5.0 (X11; Ubuntu; Linux x86_64; rv:109.0) Gecko/20100101 Firefox/111.0" "-"
172.18.0.1 - - [21/Mar/2023:14:48:41 +0000] "GET /static/js/admin.d2848f19d8cdc662cfef.js HTTP/1.1" 304 0 "http://localhost/admin/problems" "Mozilla/5.0 (X11; Ubuntu; Linux x86_64; rv:109.0) Gecko/20100101 Firefox/111.0" "-"
172.18.0.1 - - [21/Mar/2023:14:48:41 +0000] "GET /api/profile HTTP/1.1" 200 839 "http://localhost/admin/problems" "Mozilla/5.0 (X11; Ubuntu; Linux x86_64; rv:109.0) Gecko/20100101 Firefox/111.0" "-"
172.18.0.4 - - [21/Mar/2023:14:48:41 +0000] "POST /api/judge_server_heartbeat/ HTTP/1.1" 200 53 "-" "python-requests/2.26.0" "-"
172.18.0.1 - - [21/Mar/2023:14:48:41 +0000] "GET /api/admin/problem?limit=10&offset=0 HTTP/1.1" 200 2733 "http://localhost/admin/problems" "Mozilla/5.0 (X11; Ubuntu; Linux x86_64; rv:109.0) Gecko/20100101 Firefox/111.0" "-"
172.18.0.1 - - [21/Mar/2023:14:48:44 +0000] "GET /api/problem/tags HTTP/1.1" 200 118 "http://localhost/problem" "Mozilla/5.0 (X11; Ubuntu; Linux x86_64; rv:109.0) Gecko/20100101 Firefox/111.0" "-"
172.18.0.1 - - [21/Mar/2023:14:48:44 +0000] "GET /api/problem?paging=true&offset=0&limit=10&page=1 HTTP/1.1" 200 2114 "http://localhost/problem" "Mozilla/5.0 (X11; Ubuntu; Linux x86_64; rv:109.0) Gecko/20100101 Firefox/111.0" "-"
172.18.0.1 - - [21/Mar/2023:14:48:45 +0000] "GET /static/js/5.7bc18a1c995bf30a3eda.js HTTP/1.1" 200 96007 "http://localhost/problem" "Mozilla/5.0 (X11; Ubuntu; Linux x86_64; rv:109.0) Gecko/20100101 Firefox/111.0" "-"
172.18.0.1 - - [21/Mar/2023:14:48:46 +0000] "GET /api/languages HTTP/1.1" 200 15095 "http://localhost/problem/1001" "Mozilla/5.0 (X11; Ubuntu; Linux x86_64; rv:109.0) Gecko/20100101 Firefox/111.0" "-"
172.18.0.1 - - [21/Mar/2023:14:48:46 +0000] "GET /api/problem?problem_id=1001 HTTP/1.1" 200 1619 "http://localhost/problem/1001" "Mozilla/5.0 (X11; Ubuntu; Linux x86_64; rv:109.0) Gecko/20100101 Firefox/111.0" "-"
172.18.0.1 - - [21/Mar/2023:14:48:46 +0000] "GET /api/submission_exists?problem_id=1 HTTP/1.1" 200 40 "http://localhost/problem/1001" "Mozilla/5.0 (X11; Ubuntu; Linux x86_64; rv:109.0) Gecko/20100101 Firefox/111.0" "-"
172.18.0.4 - - [21/Mar/2023:14:48:46 +0000] "POST /api/judge_server_heartbeat/ HTTP/1.1" 200 53 "-" "python-requests/2.26.0" "-"
172.18.0.4 - - [21/Mar/2023:14:48:52 +0000] "POST /api/judge_server_heartbeat/ HTTP/1.1" 200 53 "-" "python-requests/2.26.0" "-"
172.18.0.1 - - [21/Mar/2023:14:48:56 +0000] "POST /api/submission HTTP/1.1" 200 102 "http://localhost/problem/1001" "Mozilla/5.0 (X11; Ubuntu; Linux x86_64; rv:109.0) Gecko/20100101 Firefox/111.0" "-"
172.18.0.4 - - [21/Mar/2023:14:48:57 +0000] "POST /api/judge_server_heartbeat/ HTTP/1.1" 200 53 "-" "python-requests/2.26.0" "-"
172.18.0.1 - - [21/Mar/2023:14:48:58 +0000] "GET /api/submission?id=57848efb438838ffa5cad75b66f8d913 HTTP/1.1" 200 564 "http://localhost/problem/1001" "Mozilla/5.0 (X11; Ubuntu; Linux x86_64; rv:109.0) Gecko/20100101 Firefox/111.0" "-"
172.18.0.1 - - [21/Mar/2023:14:49:00 +0000] "GET /api/submission?id=57848efb438838ffa5cad75b66f8d913 HTTP/1.1" 200 564 "http://localhost/problem/1001" "Mozilla/5.0 (X11; Ubuntu; Linux x86_64; rv:109.0) Gecko/20100101 Firefox/111.0" "-"
172.18.0.1 - - [21/Mar/2023:14:49:02 +0000] "GET /api/submission?id=57848efb438838ffa5cad75b66f8d913 HTTP/1.1" 200 564 "http://localhost/problem/1001" "Mozilla/5.0 (X11; Ubuntu; Linux x86_64; rv:109.0) Gecko/20100101 Firefox/111.0" "-"
172.18.0.4 - - [21/Mar/2023:14:49:02 +0000] "POST /api/judge_server_heartbeat/ HTTP/1.1" 200 53 "-" "python-requests/2.26.0" "-"
172.18.0.1 - - [21/Mar/2023:14:49:04 +0000] "GET /api/submission?id=57848efb438838ffa5cad75b66f8d913 HTTP/1.1" 200 564 "http://localhost/problem/1001" "Mozilla/5.0 (X11; Ubuntu; Linux x86_64; rv:109.0) Gecko/20100101 Firefox/111.0" "-"
172.18.0.1 - - [21/Mar/2023:14:49:06 +0000] "GET /api/submission?id=57848efb438838ffa5cad75b66f8d913 HTTP/1.1" 200 564 "http://localhost/problem/1001" "Mozilla/5.0 (X11; Ubuntu; Linux x86_64; rv:109.0) Gecko/20100101 Firefox/111.0" "-"
172.18.0.1 - - [21/Mar/2023:14:49:07 +0000] "GET /problem/1001 HTTP/1.1" 200 671 "-" "Mozilla/5.0 (X11; Ubuntu; Linux x86_64; rv:109.0) Gecko/20100101 Firefox/111.0" "-"
172.18.0.1 - - [21/Mar/2023:14:49:07 +0000] "GET /static/css/loader.css HTTP/1.1" 304 0 "http://localhost/problem/1001" "Mozilla/5.0 (X11; Ubuntu; Linux x86_64; rv:109.0) Gecko/20100101 Firefox/111.0" "-"
172.18.0.1 - - [21/Mar/2023:14:49:07 +0000] "GET /static/css/vendor.d7eb5fa53e8000d7b3455700fc1c8303.css HTTP/1.1" 304 0 "http://localhost/problem/1001" "Mozilla/5.0 (X11; Ubuntu; Linux x86_64; rv:109.0) Gecko/20100101 Firefox/111.0" "-"
172.18.0.1 - - [21/Mar/2023:14:49:07 +0000] "GET /static/css/oj.1a28434668fc1763e43fbe78360d97e4.css HTTP/1.1" 304 0 "http://localhost/problem/1001" "Mozilla/5.0 (X11; Ubuntu; Linux x86_64; rv:109.0) Gecko/20100101 Firefox/111.0" "-"
172.18.0.1 - - [21/Mar/2023:14:49:07 +0000] "GET /static/js/vendor.dll.7d98bec.js HTTP/1.1" 304 0 "http://localhost/problem/1001" "Mozilla/5.0 (X11; Ubuntu; Linux x86_64; rv:109.0) Gecko/20100101 Firefox/111.0" "-"
172.18.0.1 - - [21/Mar/2023:14:49:07 +0000] "GET /static/js/manifest.31351240a507d0376953.js HTTP/1.1" 304 0 "http://localhost/problem/1001" "Mozilla/5.0 (X11; Ubuntu; Linux x86_64; rv:109.0) Gecko/20100101 Firefox/111.0" "-"
172.18.0.1 - - [21/Mar/2023:14:49:07 +0000] "GET /static/js/vendor.c68548dcd5b5b4a7d84d.js HTTP/1.1" 304 0 "http://localhost/problem/1001" "Mozilla/5.0 (X11; Ubuntu; Linux x86_64; rv:109.0) Gecko/20100101 Firefox/111.0" "-"
172.18.0.1 - - [21/Mar/2023:14:49:07 +0000] "GET /static/js/oj.538b80c5d17227ef7fe2.js HTTP/1.1" 304 0 "http://localhost/problem/1001" "Mozilla/5.0 (X11; Ubuntu; Linux x86_64; rv:109.0) Gecko/20100101 Firefox/111.0" "-"
172.18.0.1 - - [21/Mar/2023:14:49:07 +0000] "GET /static/js/5.7bc18a1c995bf30a3eda.js HTTP/1.1" 304 0 "http://localhost/problem/1001" "Mozilla/5.0 (X11; Ubuntu; Linux x86_64; rv:109.0) Gecko/20100101 Firefox/111.0" "-"
172.18.0.4 - - [21/Mar/2023:14:49:07 +0000] "POST /api/judge_server_heartbeat/ HTTP/1.1" 200 53 "-" "python-requests/2.26.0" "-"
172.18.0.1 - - [21/Mar/2023:14:49:07 +0000] "GET /api/profile HTTP/1.1" 200 839 "http://localhost/problem/1001" "Mozilla/5.0 (X11; Ubuntu; Linux x86_64; rv:109.0) Gecko/20100101 Firefox/111.0" "-"
172.18.0.1 - - [21/Mar/2023:14:49:07 +0000] "GET /api/website HTTP/1.1" 200 291 "http://localhost/problem/1001" "Mozilla/5.0 (X11; Ubuntu; Linux x86_64; rv:109.0) Gecko/20100101 Firefox/111.0" "-"
172.18.0.1 - - [21/Mar/2023:14:49:07 +0000] "GET /api/languages HTTP/1.1" 200 15095 "http://localhost/problem/1001" "Mozilla/5.0 (X11; Ubuntu; Linux x86_64; rv:109.0) Gecko/20100101 Firefox/111.0" "-"
172.18.0.1 - - [21/Mar/2023:14:49:08 +0000] "GET /api/problem?problem_id=1001 HTTP/1.1" 200 1619 "http://localhost/problem/1001" "Mozilla/5.0 (X11; Ubuntu; Linux x86_64; rv:109.0) Gecko/20100101 Firefox/111.0" "-"
172.18.0.1 - - [21/Mar/2023:14:49:08 +0000] "GET /api/submission_exists?problem_id=1 HTTP/1.1" 200 39 "http://localhost/problem/1001" "Mozilla/5.0 (X11; Ubuntu; Linux x86_64; rv:109.0) Gecko/20100101 Firefox/111.0" "-"
172.18.0.1 - - [21/Mar/2023:14:49:11 +0000] "POST /api/submission HTTP/1.1" 200 102 "http://localhost/problem/1001" "Mozilla/5.0 (X11; Ubuntu; Linux x86_64; rv:109.0) Gecko/20100101 Firefox/111.0" "-"
172.18.0.4 - - [21/Mar/2023:14:49:13 +0000] "POST /api/judge_server_heartbeat/ HTTP/1.1" 200 53 "-" "python-requests/2.26.0" "-"
172.18.0.1 - - [21/Mar/2023:14:49:13 +0000] "GET /api/submission?id=3439fdd6a06c2344397527e146744d18 HTTP/1.1" 200 564 "http://localhost/problem/1001" "Mozilla/5.0 (X11; Ubuntu; Linux x86_64; rv:109.0) Gecko/20100101 Firefox/111.0" "-"
172.18.0.1 - - [21/Mar/2023:14:49:15 +0000] "GET /api/submission?id=3439fdd6a06c2344397527e146744d18 HTTP/1.1" 200 564 "http://localhost/problem/1001" "Mozilla/5.0 (X11; Ubuntu; Linux x86_64; rv:109.0) Gecko/20100101 Firefox/111.0" "-"
172.18.0.1 - - [21/Mar/2023:14:49:17 +0000] "GET /api/submission?id=3439fdd6a06c2344397527e146744d18 HTTP/1.1" 200 564 "http://localhost/problem/1001" "Mozilla/5.0 (X11; Ubuntu; Linux x86_64; rv:109.0) Gecko/20100101 Firefox/111.0" "-"
172.18.0.4 - - [21/Mar/2023:14:49:18 +0000] "POST /api/judge_server_heartbeat/ HTTP/1.1" 200 53 "-" "python-requests/2.26.0" "-"
172.18.0.1 - - [21/Mar/2023:14:49:19 +0000] "GET /api/submission?id=3439fdd6a06c2344397527e146744d18 HTTP/1.1" 200 564 "http://localhost/problem/1001" "Mozilla/5.0 (X11; Ubuntu; Linux x86_64; rv:109.0) Gecko/20100101 Firefox/111.0" "-"
172.18.0.1 - - [21/Mar/2023:14:49:21 +0000] "GET /api/submission?id=3439fdd6a06c2344397527e146744d18 HTTP/1.1" 200 564 "http://localhost/problem/1001" "Mozilla/5.0 (X11; Ubuntu; Linux x86_64; rv:109.0) Gecko/20100101 Firefox/111.0" "-"
172.18.0.4 - - [21/Mar/2023:14:49:23 +0000] "POST /api/judge_server_heartbeat/ HTTP/1.1" 200 53 "-" "python-requests/2.26.0" "-"
172.18.0.1 - - [21/Mar/2023:14:49:23 +0000] "GET /api/submission?id=3439fdd6a06c2344397527e146744d18 HTTP/1.1" 200 564 "http://localhost/problem/1001" "Mozilla/5.0 (X11; Ubuntu; Linux x86_64; rv:109.0) Gecko/20100101 Firefox/111.0" "-"
172.18.0.1 - - [21/Mar/2023:14:49:25 +0000] "GET /api/submission?id=3439fdd6a06c2344397527e146744d18 HTTP/1.1" 200 564 "http://localhost/problem/1001" "Mozilla/5.0 (X11; Ubuntu; Linux x86_64; rv:109.0) Gecko/20100101 Firefox/111.0" "-"
172.18.0.1 - - [21/Mar/2023:14:49:27 +0000] "GET /api/submission?id=3439fdd6a06c2344397527e146744d18 HTTP/1.1" 200 564 "http://localhost/problem/1001" "Mozilla/5.0 (X11; Ubuntu; Linux x86_64; rv:109.0) Gecko/20100101 Firefox/111.0" "-"
172.18.0.4 - - [21/Mar/2023:14:49:28 +0000] "POST /api/judge_server_heartbeat/ HTTP/1.1" 200 53 "-" "python-requests/2.26.0" "-"
172.18.0.1 - - [21/Mar/2023:14:49:29 +0000] "GET /api/submission?id=3439fdd6a06c2344397527e146744d18 HTTP/1.1" 200 564 "http://localhost/problem/1001" "Mozilla/5.0 (X11; Ubuntu; Linux x86_64; rv:109.0) Gecko/20100101 Firefox/111.0" "-"
172.18.0.1 - - [21/Mar/2023:14:49:31 +0000] "GET /api/submission?id=3439fdd6a06c2344397527e146744d18 HTTP/1.1" 200 564 "http://localhost/problem/1001" "Mozilla/5.0 (X11; Ubuntu; Linux x86_64; rv:109.0) Gecko/20100101 Firefox/111.0" "-"
172.18.0.4 - - [21/Mar/2023:14:49:33 +0000] "POST /api/judge_server_heartbeat/ HTTP/1.1" 200 53 "-" "python-requests/2.26.0" "-"
172.18.0.4 - - [21/Mar/2023:14:49:39 +0000] "POST /api/judge_server_heartbeat/ HTTP/1.1" 200 53 "-" "python-requests/2.26.0" "-"
172.18.0.4 - - [21/Mar/2023:14:49:44 +0000] "POST /api/judge_server_heartbeat/ HTTP/1.1" 200 53 "-" "python-requests/2.26.0" "-"
172.18.0.4 - - [21/Mar/2023:14:49:49 +0000] "POST /api/judge_server_heartbeat/ HTTP/1.1" 200 53 "-" "python-requests/2.26.0" "-"
172.18.0.4 - - [21/Mar/2023:14:49:54 +0000] "POST /api/judge_server_heartbeat/ HTTP/1.1" 200 53 "-" "python-requests/2.26.0" "-"
172.18.0.4 - - [21/Mar/2023:14:49:59 +0000] "POST /api/judge_server_heartbeat/ HTTP/1.1" 200 53 "-" "python-requests/2.26.0" "-"
172.18.0.4 - - [21/Mar/2023:14:50:05 +0000] "POST /api/judge_server_heartbeat/ HTTP/1.1" 200 53 "-" "python-requests/2.26.0" "-"
172.18.0.4 - - [21/Mar/2023:14:50:10 +0000] "POST /api/judge_server_heartbeat/ HTTP/1.1" 200 53 "-" "python-requests/2.26.0" "-"
172.18.0.4 - - [21/Mar/2023:14:50:26 +0000] "POST /api/judge_server_heartbeat/ HTTP/1.1" 200 39 "-" "python-requests/2.26.0" "-"
172.18.0.4 - - [21/Mar/2023:14:50:31 +0000] "POST /api/judge_server_heartbeat/ HTTP/1.1" 200 39 "-" "python-requests/2.26.0" "-"
172.18.0.4 - - [21/Mar/2023:14:50:36 +0000] "POST /api/judge_server_heartbeat/ HTTP/1.1" 200 39 "-" "python-requests/2.26.0" "-"
172.18.0.1 - - [21/Mar/2023:14:50:38 +0000] "GET /api/announcement?offset=0&limit=10 HTTP/1.1" 200 84 "http://127.0.0.1/" "Mozilla/5.0 (X11; Ubuntu; Linux x86_64; rv:109.0) Gecko/20100101 Firefox/111.0" "-"
172.18.0.1 - - [21/Mar/2023:14:50:39 +0000] "GET /api/profile HTTP/1.1" 200 1032 "http://127.0.0.1/" "Mozilla/5.0 (X11; Ubuntu; Linux x86_64; rv:109.0) Gecko/20100101 Firefox/111.0" "-"
172.18.0.1 - - [21/Mar/2023:14:50:39 +0000] "GET /api/contests?offset=0&limit=5&status=1 HTTP/1.1" 200 84 "http://127.0.0.1/" "Mozilla/5.0 (X11; Ubuntu; Linux x86_64; rv:109.0) Gecko/20100101 Firefox/111.0" "-"
172.18.0.1 - - [21/Mar/2023:14:50:39 +0000] "GET /api/website HTTP/1.1" 200 291 "http://127.0.0.1/" "Mozilla/5.0 (X11; Ubuntu; Linux x86_64; rv:109.0) Gecko/20100101 Firefox/111.0" "-"
172.18.0.1 - - [21/Mar/2023:14:50:41 +0000] "GET /api/problem/tags HTTP/1.1" 200 118 "http://127.0.0.1/" "Mozilla/5.0 (X11; Ubuntu; Linux x86_64; rv:109.0) Gecko/20100101 Firefox/111.0" "-"
172.18.0.1 - - [21/Mar/2023:14:50:41 +0000] "GET /api/problem?paging=true&offset=0&limit=10&page=1 HTTP/1.1" 200 2155 "http://127.0.0.1/" "Mozilla/5.0 (X11; Ubuntu; Linux x86_64; rv:109.0) Gecko/20100101 Firefox/111.0" "-"
172.18.0.4 - - [21/Mar/2023:14:50:41 +0000] "POST /api/judge_server_heartbeat/ HTTP/1.1" 200 39 "-" "python-requests/2.26.0" "-"
172.18.0.1 - - [21/Mar/2023:14:50:43 +0000] "GET /api/languages HTTP/1.1" 200 15095 "http://127.0.0.1/" "Mozilla/5.0 (X11; Ubuntu; Linux x86_64; rv:109.0) Gecko/20100101 Firefox/111.0" "-"
172.18.0.1 - - [21/Mar/2023:14:50:43 +0000] "GET /api/problem?problem_id=1001 HTTP/1.1" 200 1644 "http://127.0.0.1/" "Mozilla/5.0 (X11; Ubuntu; Linux x86_64; rv:109.0) Gecko/20100101 Firefox/111.0" "-"
172.18.0.1 - - [21/Mar/2023:14:50:43 +0000] "GET /api/submission_exists?problem_id=1 HTTP/1.1" 200 39 "http://127.0.0.1/" "Mozilla/5.0 (X11; Ubuntu; Linux x86_64; rv:109.0) Gecko/20100101 Firefox/111.0" "-"
172.18.0.4 - - [21/Mar/2023:14:50:47 +0000] "POST /api/judge_server_heartbeat/ HTTP/1.1" 200 39 "-" "python-requests/2.26.0" "-"
172.18.0.4 - - [21/Mar/2023:14:50:52 +0000] "POST /api/judge_server_heartbeat/ HTTP/1.1" 200 39 "-" "python-requests/2.26.0" "-"
172.18.0.1 - - [21/Mar/2023:14:50:54 +0000] "POST /api/submission HTTP/1.1" 200 102 "http://127.0.0.1/" "Mozilla/5.0 (X11; Ubuntu; Linux x86_64; rv:109.0) Gecko/20100101 Firefox/111.0" "-"
172.18.0.1 - - [21/Mar/2023:14:50:56 +0000] "GET /api/submission?id=658cdd7e27b3e1b2cb05e60aec7ecd43 HTTP/1.1" 200 1645 "http://127.0.0.1/" "Mozilla/5.0 (X11; Ubuntu; Linux x86_64; rv:109.0) Gecko/20100101 Firefox/111.0" "-"
172.18.0.1 - - [21/Mar/2023:14:50:56 +0000] "GET /api/problem?problem_id=1001 HTTP/1.1" 200 1644 "http://127.0.0.1/" "Mozilla/5.0 (X11; Ubuntu; Linux x86_64; rv:109.0) Gecko/20100101 Firefox/111.0" "-"
172.18.0.1 - - [21/Mar/2023:14:50:57 +0000] "GET /api/submission_exists?problem_id=1 HTTP/1.1" 200 39 "http://127.0.0.1/" "Mozilla/5.0 (X11; Ubuntu; Linux x86_64; rv:109.0) Gecko/20100101 Firefox/111.0" "-"
172.18.0.4 - - [21/Mar/2023:14:50:57 +0000] "POST /api/judge_server_heartbeat/ HTTP/1.1" 200 39 "-" "python-requests/2.26.0" "-"
172.18.0.4 - - [21/Mar/2023:14:51:02 +0000] "POST /api/judge_server_heartbeat/ HTTP/1.1" 200 39 "-" "python-requests/2.26.0" "-"
172.18.0.4 - - [21/Mar/2023:14:51:08 +0000] "POST /api/judge_server_heartbeat/ HTTP/1.1" 200 39 "-" "python-requests/2.26.0" "-"
172.18.0.4 - - [21/Mar/2023:14:51:13 +0000] "POST /api/judge_server_heartbeat/ HTTP/1.1" 200 39 "-" "python-requests/2.26.0" "-"
172.18.0.4 - - [21/Mar/2023:14:51:18 +0000] "POST /api/judge_server_heartbeat/ HTTP/1.1" 200 39 "-" "python-requests/2.26.0" "-"
172.18.0.4 - - [21/Mar/2023:14:51:23 +0000] "POST /api/judge_server_heartbeat/ HTTP/1.1" 200 39 "-" "python-requests/2.26.0" "-"
172.18.0.4 - - [21/Mar/2023:14:51:28 +0000] "POST /api/judge_server_heartbeat/ HTTP/1.1" 200 39 "-" "python-requests/2.26.0" "-"
172.18.0.4 - - [21/Mar/2023:14:51:34 +0000] "POST /api/judge_server_heartbeat/ HTTP/1.1" 200 39 "-" "python-requests/2.26.0" "-"
172.18.0.4 - - [21/Mar/2023:14:51:39 +0000] "POST /api/judge_server_heartbeat/ HTTP/1.1" 200 39 "-" "python-requests/2.26.0" "-"
172.18.0.4 - - [21/Mar/2023:14:51:44 +0000] "POST /api/judge_server_heartbeat/ HTTP/1.1" 200 39 "-" "python-requests/2.26.0" "-"
172.18.0.4 - - [21/Mar/2023:14:51:49 +0000] "POST /api/judge_server_heartbeat/ HTTP/1.1" 200 39 "-" "python-requests/2.26.0" "-"
172.18.0.4 - - [21/Mar/2023:14:51:54 +0000] "POST /api/judge_server_heartbeat/ HTTP/1.1" 200 39 "-" "python-requests/2.26.0" "-"
172.18.0.4 - - [21/Mar/2023:14:52:00 +0000] "POST /api/judge_server_heartbeat/ HTTP/1.1" 200 39 "-" "python-requests/2.26.0" "-"
172.18.0.4 - - [21/Mar/2023:14:52:05 +0000] "POST /api/judge_server_heartbeat/ HTTP/1.1" 200 39 "-" "python-requests/2.26.0" "-"
172.18.0.4 - - [21/Mar/2023:14:52:10 +0000] "POST /api/judge_server_heartbeat/ HTTP/1.1" 200 39 "-" "python-requests/2.26.0" "-"
172.18.0.4 - - [21/Mar/2023:14:52:15 +0000] "POST /api/judge_server_heartbeat/ HTTP/1.1" 200 39 "-" "python-requests/2.26.0" "-"
172.18.0.4 - - [21/Mar/2023:14:52:20 +0000] "POST /api/judge_server_heartbeat/ HTTP/1.1" 200 39 "-" "python-requests/2.26.0" "-"
172.18.0.4 - - [21/Mar/2023:14:52:26 +0000] "POST /api/judge_server_heartbeat/ HTTP/1.1" 200 39 "-" "python-requests/2.26.0" "-"
172.18.0.4 - - [21/Mar/2023:14:52:31 +0000] "POST /api/judge_server_heartbeat/ HTTP/1.1" 200 39 "-" "python-requests/2.26.0" "-"
172.18.0.4 - - [21/Mar/2023:14:52:36 +0000] "POST /api/judge_server_heartbeat/ HTTP/1.1" 200 39 "-" "python-requests/2.26.0" "-"
172.18.0.4 - - [21/Mar/2023:14:52:41 +0000] "POST /api/judge_server_heartbeat/ HTTP/1.1" 200 39 "-" "python-requests/2.26.0" "-"
172.18.0.4 - - [21/Mar/2023:14:52:46 +0000] "POST /api/judge_server_heartbeat/ HTTP/1.1" 200 39 "-" "python-requests/2.26.0" "-"
172.18.0.4 - - [21/Mar/2023:14:52:52 +0000] "POST /api/judge_server_heartbeat/ HTTP/1.1" 200 39 "-" "python-requests/2.26.0" "-"
172.18.0.4 - - [21/Mar/2023:14:52:57 +0000] "POST /api/judge_server_heartbeat/ HTTP/1.1" 200 39 "-" "python-requests/2.26.0" "-"
172.18.0.4 - - [21/Mar/2023:14:53:02 +0000] "POST /api/judge_server_heartbeat/ HTTP/1.1" 200 39 "-" "python-requests/2.26.0" "-"
172.18.0.4 - - [21/Mar/2023:14:53:07 +0000] "POST /api/judge_server_heartbeat/ HTTP/1.1" 200 39 "-" "python-requests/2.26.0" "-"
172.18.0.4 - - [21/Mar/2023:14:53:13 +0000] "POST /api/judge_server_heartbeat/ HTTP/1.1" 200 39 "-" "python-requests/2.26.0" "-"
172.18.0.4 - - [21/Mar/2023:14:53:18 +0000] "POST /api/judge_server_heartbeat/ HTTP/1.1" 200 39 "-" "python-requests/2.26.0" "-"
172.18.0.4 - - [21/Mar/2023:14:53:23 +0000] "POST /api/judge_server_heartbeat/ HTTP/1.1" 200 39 "-" "python-requests/2.26.0" "-"
172.18.0.4 - - [21/Mar/2023:14:53:28 +0000] "POST /api/judge_server_heartbeat/ HTTP/1.1" 200 39 "-" "python-requests/2.26.0" "-"
172.18.0.4 - - [21/Mar/2023:14:53:33 +0000] "POST /api/judge_server_heartbeat/ HTTP/1.1" 200 39 "-" "python-requests/2.26.0" "-"
172.18.0.4 - - [21/Mar/2023:14:53:39 +0000] "POST /api/judge_server_heartbeat/ HTTP/1.1" 200 39 "-" "python-requests/2.26.0" "-"
172.18.0.4 - - [21/Mar/2023:14:53:44 +0000] "POST /api/judge_server_heartbeat/ HTTP/1.1" 200 39 "-" "python-requests/2.26.0" "-"
172.18.0.4 - - [21/Mar/2023:14:53:49 +0000] "POST /api/judge_server_heartbeat/ HTTP/1.1" 200 39 "-" "python-requests/2.26.0" "-"
172.18.0.4 - - [21/Mar/2023:14:53:54 +0000] "POST /api/judge_server_heartbeat/ HTTP/1.1" 200 39 "-" "python-requests/2.26.0" "-"
172.18.0.4 - - [21/Mar/2023:14:53:59 +0000] "POST /api/judge_server_heartbeat/ HTTP/1.1" 200 39 "-" "python-requests/2.26.0" "-"
172.18.0.4 - - [21/Mar/2023:14:54:05 +0000] "POST /api/judge_server_heartbeat/ HTTP/1.1" 200 39 "-" "python-requests/2.26.0" "-"
172.18.0.4 - - [21/Mar/2023:14:54:10 +0000] "POST /api/judge_server_heartbeat/ HTTP/1.1" 200 39 "-" "python-requests/2.26.0" "-"
172.18.0.4 - - [21/Mar/2023:14:54:15 +0000] "POST /api/judge_server_heartbeat/ HTTP/1.1" 200 39 "-" "python-requests/2.26.0" "-"
172.18.0.4 - - [21/Mar/2023:14:54:20 +0000] "POST /api/judge_server_heartbeat/ HTTP/1.1" 200 39 "-" "python-requests/2.26.0" "-"
172.18.0.4 - - [21/Mar/2023:14:54:25 +0000] "POST /api/judge_server_heartbeat/ HTTP/1.1" 200 39 "-" "python-requests/2.26.0" "-"
172.18.0.4 - - [21/Mar/2023:14:54:31 +0000] "POST /api/judge_server_heartbeat/ HTTP/1.1" 200 39 "-" "python-requests/2.26.0" "-"
172.18.0.4 - - [21/Mar/2023:14:54:36 +0000] "POST /api/judge_server_heartbeat/ HTTP/1.1" 200 39 "-" "python-requests/2.26.0" "-"
172.18.0.4 - - [21/Mar/2023:14:54:41 +0000] "POST /api/judge_server_heartbeat/ HTTP/1.1" 200 39 "-" "python-requests/2.26.0" "-"
172.18.0.4 - - [21/Mar/2023:14:54:46 +0000] "POST /api/judge_server_heartbeat/ HTTP/1.1" 200 39 "-" "python-requests/2.26.0" "-"
172.18.0.4 - - [21/Mar/2023:14:54:51 +0000] "POST /api/judge_server_heartbeat/ HTTP/1.1" 200 39 "-" "python-requests/2.26.0" "-"
172.18.0.4 - - [21/Mar/2023:14:54:57 +0000] "POST /api/judge_server_heartbeat/ HTTP/1.1" 200 39 "-" "python-requests/2.26.0" "-"
172.18.0.4 - - [21/Mar/2023:14:55:02 +0000] "POST /api/judge_server_heartbeat/ HTTP/1.1" 200 39 "-" "python-requests/2.26.0" "-"
172.18.0.4 - - [21/Mar/2023:14:55:07 +0000] "POST /api/judge_server_heartbeat/ HTTP/1.1" 200 39 "-" "python-requests/2.26.0" "-"
172.18.0.4 - - [21/Mar/2023:14:55:12 +0000] "POST /api/judge_server_heartbeat/ HTTP/1.1" 200 39 "-" "python-requests/2.26.0" "-"
172.18.0.4 - - [21/Mar/2023:14:55:17 +0000] "POST /api/judge_server_heartbeat/ HTTP/1.1" 200 39 "-" "python-requests/2.26.0" "-"
172.18.0.4 - - [21/Mar/2023:14:55:23 +0000] "POST /api/judge_server_heartbeat/ HTTP/1.1" 200 39 "-" "python-requests/2.26.0" "-"
172.18.0.4 - - [21/Mar/2023:14:55:28 +0000] "POST /api/judge_server_heartbeat/ HTTP/1.1" 200 39 "-" "python-requests/2.26.0" "-"
172.18.0.4 - - [21/Mar/2023:14:55:33 +0000] "POST /api/judge_server_heartbeat/ HTTP/1.1" 200 39 "-" "python-requests/2.26.0" "-"
172.18.0.4 - - [21/Mar/2023:14:55:38 +0000] "POST /api/judge_server_heartbeat/ HTTP/1.1" 200 39 "-" "python-requests/2.26.0" "-"
172.18.0.4 - - [21/Mar/2023:14:55:43 +0000] "POST /api/judge_server_heartbeat/ HTTP/1.1" 200 39 "-" "python-requests/2.26.0" "-"
172.18.0.4 - - [21/Mar/2023:14:55:49 +0000] "POST /api/judge_server_heartbeat/ HTTP/1.1" 200 39 "-" "python-requests/2.26.0" "-"
172.18.0.4 - - [21/Mar/2023:14:55:54 +0000] "POST /api/judge_server_heartbeat/ HTTP/1.1" 200 39 "-" "python-requests/2.26.0" "-"
172.18.0.4 - - [21/Mar/2023:14:55:59 +0000] "POST /api/judge_server_heartbeat/ HTTP/1.1" 200 39 "-" "python-requests/2.26.0" "-"
172.18.0.4 - - [21/Mar/2023:14:56:04 +0000] "POST /api/judge_server_heartbeat/ HTTP/1.1" 200 39 "-" "python-requests/2.26.0" "-"
172.18.0.4 - - [21/Mar/2023:14:56:09 +0000] "POST /api/judge_server_heartbeat/ HTTP/1.1" 200 39 "-" "python-requests/2.26.0" "-"
172.18.0.4 - - [21/Mar/2023:14:56:15 +0000] "POST /api/judge_server_heartbeat/ HTTP/1.1" 200 39 "-" "python-requests/2.26.0" "-"
172.18.0.4 - - [21/Mar/2023:14:56:20 +0000] "POST /api/judge_server_heartbeat/ HTTP/1.1" 200 39 "-" "python-requests/2.26.0" "-"
172.18.0.4 - - [21/Mar/2023:14:56:25 +0000] "POST /api/judge_server_heartbeat/ HTTP/1.1" 200 39 "-" "python-requests/2.26.0" "-"
172.18.0.4 - - [21/Mar/2023:14:56:30 +0000] "POST /api/judge_server_heartbeat/ HTTP/1.1" 200 39 "-" "python-requests/2.26.0" "-"
172.18.0.4 - - [21/Mar/2023:14:56:35 +0000] "POST /api/judge_server_heartbeat/ HTTP/1.1" 200 39 "-" "python-requests/2.26.0" "-"
172.18.0.4 - - [21/Mar/2023:14:56:41 +0000] "POST /api/judge_server_heartbeat/ HTTP/1.1" 200 39 "-" "python-requests/2.26.0" "-"
172.18.0.4 - - [21/Mar/2023:14:56:46 +0000] "POST /api/judge_server_heartbeat/ HTTP/1.1" 200 39 "-" "python-requests/2.26.0" "-"
172.18.0.4 - - [21/Mar/2023:14:56:51 +0000] "POST /api/judge_server_heartbeat/ HTTP/1.1" 200 39 "-" "python-requests/2.26.0" "-"
172.18.0.4 - - [21/Mar/2023:14:56:56 +0000] "POST /api/judge_server_heartbeat/ HTTP/1.1" 200 39 "-" "python-requests/2.26.0" "-"
172.18.0.4 - - [21/Mar/2023:14:57:02 +0000] "POST /api/judge_server_heartbeat/ HTTP/1.1" 200 39 "-" "python-requests/2.26.0" "-"
172.18.0.4 - - [21/Mar/2023:14:57:07 +0000] "POST /api/judge_server_heartbeat/ HTTP/1.1" 200 39 "-" "python-requests/2.26.0" "-"
172.18.0.4 - - [21/Mar/2023:14:57:12 +0000] "POST /api/judge_server_heartbeat/ HTTP/1.1" 200 39 "-" "python-requests/2.26.0" "-"
172.18.0.4 - - [21/Mar/2023:14:57:17 +0000] "POST /api/judge_server_heartbeat/ HTTP/1.1" 200 39 "-" "python-requests/2.26.0" "-"
172.18.0.4 - - [21/Mar/2023:14:57:22 +0000] "POST /api/judge_server_heartbeat/ HTTP/1.1" 200 39 "-" "python-requests/2.26.0" "-"
172.18.0.4 - - [21/Mar/2023:14:57:28 +0000] "POST /api/judge_server_heartbeat/ HTTP/1.1" 200 39 "-" "python-requests/2.26.0" "-"
172.18.0.4 - - [21/Mar/2023:14:57:33 +0000] "POST /api/judge_server_heartbeat/ HTTP/1.1" 200 39 "-" "python-requests/2.26.0" "-"
172.18.0.4 - - [21/Mar/2023:14:57:38 +0000] "POST /api/judge_server_heartbeat/ HTTP/1.1" 200 39 "-" "python-requests/2.26.0" "-"
172.18.0.4 - - [21/Mar/2023:14:57:43 +0000] "POST /api/judge_server_heartbeat/ HTTP/1.1" 200 39 "-" "python-requests/2.26.0" "-"
172.18.0.4 - - [21/Mar/2023:14:57:48 +0000] "POST /api/judge_server_heartbeat/ HTTP/1.1" 200 39 "-" "python-requests/2.26.0" "-"
172.18.0.4 - - [21/Mar/2023:14:57:54 +0000] "POST /api/judge_server_heartbeat/ HTTP/1.1" 200 39 "-" "python-requests/2.26.0" "-"
172.18.0.4 - - [21/Mar/2023:14:57:59 +0000] "POST /api/judge_server_heartbeat/ HTTP/1.1" 200 39 "-" "python-requests/2.26.0" "-"
172.18.0.4 - - [21/Mar/2023:14:58:04 +0000] "POST /api/judge_server_heartbeat/ HTTP/1.1" 200 39 "-" "python-requests/2.26.0" "-"
172.18.0.4 - - [21/Mar/2023:14:58:09 +0000] "POST /api/judge_server_heartbeat/ HTTP/1.1" 200 39 "-" "python-requests/2.26.0" "-"
172.18.0.4 - - [21/Mar/2023:14:58:14 +0000] "POST /api/judge_server_heartbeat/ HTTP/1.1" 200 39 "-" "python-requests/2.26.0" "-"
172.18.0.4 - - [21/Mar/2023:14:58:20 +0000] "POST /api/judge_server_heartbeat/ HTTP/1.1" 200 39 "-" "python-requests/2.26.0" "-"
172.18.0.4 - - [21/Mar/2023:14:58:25 +0000] "POST /api/judge_server_heartbeat/ HTTP/1.1" 200 39 "-" "python-requests/2.26.0" "-"
172.18.0.4 - - [21/Mar/2023:14:58:30 +0000] "POST /api/judge_server_heartbeat/ HTTP/1.1" 200 39 "-" "python-requests/2.26.0" "-"
172.18.0.4 - - [21/Mar/2023:14:58:35 +0000] "POST /api/judge_server_heartbeat/ HTTP/1.1" 200 39 "-" "python-requests/2.26.0" "-"
172.18.0.4 - - [21/Mar/2023:14:58:40 +0000] "POST /api/judge_server_heartbeat/ HTTP/1.1" 200 39 "-" "python-requests/2.26.0" "-"
172.18.0.4 - - [21/Mar/2023:14:58:46 +0000] "POST /api/judge_server_heartbeat/ HTTP/1.1" 200 39 "-" "python-requests/2.26.0" "-"
